#-----------------------------------------------------------
# Vivado v2024.2 (64-bit)
# SW Build 5239630 on Fri Nov 08 22:35:27 MST 2024
# IP Build 5239520 on Sun Nov 10 16:12:51 MST 2024
# SharedData Build 5239561 on Fri Nov 08 14:39:27 MST 2024
# Start of session at: Mon Jul 14 11:04:17 2025
# Process ID         : 6996
# Current directory  : C:/Users/almud/Downloads/Proyecto_WatchOut_Grupo_PHR25_T09/Proyecto_WatchOut/Pulso_Temp
# Command line       : vivado.exe -gui_launcher_event rodinguilauncherevent11988 C:\Users\almud\Downloads\Proyecto_WatchOut_Grupo_PHR25_T09\Proyecto_WatchOut\Pulso_Temp\Pulso_Temp.xpr
# Log file           : C:/Users/almud/Downloads/Proyecto_WatchOut_Grupo_PHR25_T09/Proyecto_WatchOut/Pulso_Temp/vivado.log
# Journal file       : C:/Users/almud/Downloads/Proyecto_WatchOut_Grupo_PHR25_T09/Proyecto_WatchOut/Pulso_Temp\vivado.jou
# Running On         : DESKTOP-VI8FS3U
# Platform           : Windows Server 2016 or Windows 10
# Operating System   : 26100
# Processor Detail   : Intel(R) Core(TM) i7-10750H CPU @ 2.60GHz
# CPU Frequency      : 2592 MHz
# CPU Physical cores : 6
# CPU Logical cores  : 12
# Host memory        : 17041 MB
# Swap memory        : 1073 MB
# Total Virtual      : 18114 MB
# Available Virtual  : 9404 MB
#-----------------------------------------------------------
start_gui
open_project C:/Users/almud/Downloads/Proyecto_WatchOut_Grupo_PHR25_T09/Proyecto_WatchOut/Pulso_Temp/Pulso_Temp.xpr
INFO: [ProjectBase 1-489] The host OS only allows 260 characters in a normal path. The project is stored in a path with more than 80 characters. If you experience issues with IP, Block Designs, or files not being found, please consider moving the project to a location with a shorter path. Alternately consider using the OS subst command to map part of the path to a drive letter.
Current project path is 'C:/Users/almud/Downloads/Proyecto_WatchOut_Grupo_PHR25_T09/Proyecto_WatchOut/Pulso_Temp'
INFO: [Project 1-313] Project file moved from 'C:/Users/almud/Downloads/Proyecto_WatchOut_V2/Pulso_Temp' since last save.
INFO: [filemgmt 56-3] Default IP Output Path : Could not find the directory 'C:/Users/almud/Downloads/Proyecto_WatchOut_Grupo_PHR25_T09/Proyecto_WatchOut/Pulso_Temp/Pulso_Temp.gen/sources_1'.
Scanning sources...
Finished scanning sources
INFO: [IP_Flow 19-234] Refreshing IP repositories
INFO: [IP_Flow 19-1704] No user IP repositories specified
INFO: [IP_Flow 19-2313] Loaded Vivado IP repository 'C:/Xilinx/Vivado/2024.2/data/ip'.
open_project: Time (s): cpu = 00:00:14 ; elapsed = 00:00:07 . Memory (MB): peak = 1242.145 ; gain = 144.801
update_compile_order -fileset sources_1
set_property simulator_language VHDL [current_project]
synth_design -top TopModule -part xc7a35ticpg236-1L -lint 
Command: synth_design -top TopModule -part xc7a35ticpg236-1L -lint
Starting synth_design
Attempting to get a license for feature 'Synthesis' and/or device 'xc7a35ti'
INFO: [Common 17-349] Got license for feature 'Synthesis' and/or device 'xc7a35ti'
INFO: [Synth 8-7079] Multithreading enabled for synth_design using a maximum of 2 processes.
INFO: [Synth 8-7078] Launching helper process for spawning children vivado processes
INFO: [Synth 8-7075] Helper process launched with PID 6024
---------------------------------------------------------------------------------
Starting Synthesize : Time (s): cpu = 00:00:07 ; elapsed = 00:00:06 . Memory (MB): peak = 1716.660 ; gain = 449.680
---------------------------------------------------------------------------------
Clean up Linter database...
INFO: [Synth 8-638] synthesizing module 'TopModule' [C:/Users/almud/Downloads/Proyecto_WatchOut_Grupo_PHR25_T09/Proyecto_WatchOut/Pulso_Temp/Pulso_Temp.srcs/sources_1/new/TopModule.vhd:23]
INFO: [Synth 8-3491] module 'SampleTimer' declared at 'C:/Users/almud/Downloads/Proyecto_WatchOut_Grupo_PHR25_T09/Proyecto_WatchOut/Pulso_Temp/Pulso_Temp.srcs/sources_1/new/SampleTimer.vhd:20' bound to instance 'timer_inst' of component 'SampleTimer' [C:/Users/almud/Downloads/Proyecto_WatchOut_Grupo_PHR25_T09/Proyecto_WatchOut/Pulso_Temp/Pulso_Temp.srcs/sources_1/new/TopModule.vhd:160]
INFO: [Synth 8-638] synthesizing module 'SampleTimer' [C:/Users/almud/Downloads/Proyecto_WatchOut_Grupo_PHR25_T09/Proyecto_WatchOut/Pulso_Temp/Pulso_Temp.srcs/sources_1/new/SampleTimer.vhd:28]
INFO: [Synth 8-256] done synthesizing module 'SampleTimer' (1#1) [C:/Users/almud/Downloads/Proyecto_WatchOut_Grupo_PHR25_T09/Proyecto_WatchOut/Pulso_Temp/Pulso_Temp.srcs/sources_1/new/SampleTimer.vhd:28]
INFO: [Synth 8-3491] module 'MCP300x' declared at 'C:/Users/almud/Downloads/Proyecto_WatchOut_Grupo_PHR25_T09/Proyecto_WatchOut/Pulso_Temp/Pulso_Temp.srcs/sources_1/new/MCP300x.vhd:60' bound to instance 'adc_inst' of component 'MCP300x' [C:/Users/almud/Downloads/Proyecto_WatchOut_Grupo_PHR25_T09/Proyecto_WatchOut/Pulso_Temp/Pulso_Temp.srcs/sources_1/new/TopModule.vhd:168]
INFO: [Synth 8-638] synthesizing module 'MCP300x' [C:/Users/almud/Downloads/Proyecto_WatchOut_Grupo_PHR25_T09/Proyecto_WatchOut/Pulso_Temp/Pulso_Temp.srcs/sources_1/new/MCP300x.vhd:82]
INFO: [Synth 8-256] done synthesizing module 'MCP300x' (2#1) [C:/Users/almud/Downloads/Proyecto_WatchOut_Grupo_PHR25_T09/Proyecto_WatchOut/Pulso_Temp/Pulso_Temp.srcs/sources_1/new/MCP300x.vhd:82]
	Parameter DIVISOR bound to: 200 - type: integer 
INFO: [Synth 8-3491] module 'ClockDivider' declared at 'C:/Users/almud/Downloads/Proyecto_WatchOut_Grupo_PHR25_T09/Proyecto_WatchOut/Pulso_Temp/Pulso_Temp.srcs/sources_1/new/ClockDivider.vhd:20' bound to instance 'clkdiv_inst' of component 'ClockDivider' [C:/Users/almud/Downloads/Proyecto_WatchOut_Grupo_PHR25_T09/Proyecto_WatchOut/Pulso_Temp/Pulso_Temp.srcs/sources_1/new/TopModule.vhd:186]
INFO: [Synth 8-638] synthesizing module 'ClockDivider' [C:/Users/almud/Downloads/Proyecto_WatchOut_Grupo_PHR25_T09/Proyecto_WatchOut/Pulso_Temp/Pulso_Temp.srcs/sources_1/new/ClockDivider.vhd:32]
	Parameter DIVISOR bound to: 200 - type: integer 
INFO: [Synth 8-256] done synthesizing module 'ClockDivider' (3#1) [C:/Users/almud/Downloads/Proyecto_WatchOut_Grupo_PHR25_T09/Proyecto_WatchOut/Pulso_Temp/Pulso_Temp.srcs/sources_1/new/ClockDivider.vhd:32]
INFO: [Synth 8-3491] module 'PulseProcessor' declared at 'C:/Users/almud/Downloads/Proyecto_WatchOut_Grupo_PHR25_T09/Proyecto_WatchOut/Pulso_Temp/Pulso_Temp.srcs/sources_1/new/PulseProcessor.vhd:25' bound to instance 'pulse_inst' of component 'PulseProcessor' [C:/Users/almud/Downloads/Proyecto_WatchOut_Grupo_PHR25_T09/Proyecto_WatchOut/Pulso_Temp/Pulso_Temp.srcs/sources_1/new/TopModule.vhd:195]
INFO: [Synth 8-638] synthesizing module 'PulseProcessor' [C:/Users/almud/Downloads/Proyecto_WatchOut_Grupo_PHR25_T09/Proyecto_WatchOut/Pulso_Temp/Pulso_Temp.srcs/sources_1/new/PulseProcessor.vhd:37]
INFO: [Synth 8-256] done synthesizing module 'PulseProcessor' (4#1) [C:/Users/almud/Downloads/Proyecto_WatchOut_Grupo_PHR25_T09/Proyecto_WatchOut/Pulso_Temp/Pulso_Temp.srcs/sources_1/new/PulseProcessor.vhd:37]
INFO: [Synth 8-3491] module 'Display_7Seg_BPM' declared at 'C:/Users/almud/Downloads/Proyecto_WatchOut_Grupo_PHR25_T09/Proyecto_WatchOut/Pulso_Temp/Pulso_Temp.srcs/sources_1/new/Display_7Seg_BPM.vhd:23' bound to instance 'disp_inst' of component 'Display_7Seg_BPM' [C:/Users/almud/Downloads/Proyecto_WatchOut_Grupo_PHR25_T09/Proyecto_WatchOut/Pulso_Temp/Pulso_Temp.srcs/sources_1/new/TopModule.vhd:218]
INFO: [Synth 8-638] synthesizing module 'Display_7Seg_BPM' [C:/Users/almud/Downloads/Proyecto_WatchOut_Grupo_PHR25_T09/Proyecto_WatchOut/Pulso_Temp/Pulso_Temp.srcs/sources_1/new/Display_7Seg_BPM.vhd:32]
WARNING: [Synth 8-614] signal 'd_u' is read in the process but is not in the sensitivity list [C:/Users/almud/Downloads/Proyecto_WatchOut_Grupo_PHR25_T09/Proyecto_WatchOut/Pulso_Temp/Pulso_Temp.srcs/sources_1/new/Display_7Seg_BPM.vhd:66]
WARNING: [Synth 8-614] signal 'd_t' is read in the process but is not in the sensitivity list [C:/Users/almud/Downloads/Proyecto_WatchOut_Grupo_PHR25_T09/Proyecto_WatchOut/Pulso_Temp/Pulso_Temp.srcs/sources_1/new/Display_7Seg_BPM.vhd:66]
WARNING: [Synth 8-614] signal 'd_h' is read in the process but is not in the sensitivity list [C:/Users/almud/Downloads/Proyecto_WatchOut_Grupo_PHR25_T09/Proyecto_WatchOut/Pulso_Temp/Pulso_Temp.srcs/sources_1/new/Display_7Seg_BPM.vhd:66]
WARNING: [Synth 8-614] signal 'd_th' is read in the process but is not in the sensitivity list [C:/Users/almud/Downloads/Proyecto_WatchOut_Grupo_PHR25_T09/Proyecto_WatchOut/Pulso_Temp/Pulso_Temp.srcs/sources_1/new/Display_7Seg_BPM.vhd:66]
INFO: [Synth 8-256] done synthesizing module 'Display_7Seg_BPM' (5#1) [C:/Users/almud/Downloads/Proyecto_WatchOut_Grupo_PHR25_T09/Proyecto_WatchOut/Pulso_Temp/Pulso_Temp.srcs/sources_1/new/Display_7Seg_BPM.vhd:32]
INFO: [Synth 8-3491] module 'divider50MHz' declared at 'C:/Users/almud/Downloads/Proyecto_WatchOut_Grupo_PHR25_T09/Proyecto_WatchOut/Pulso_Temp/Pulso_Temp.srcs/sources_1/new/divider50MHz.vhd:19' bound to instance 'U0' of component 'divider50MHz' [C:/Users/almud/Downloads/Proyecto_WatchOut_Grupo_PHR25_T09/Proyecto_WatchOut/Pulso_Temp/Pulso_Temp.srcs/sources_1/new/TopModule.vhd:227]
INFO: [Synth 8-638] synthesizing module 'divider50MHz' [C:/Users/almud/Downloads/Proyecto_WatchOut_Grupo_PHR25_T09/Proyecto_WatchOut/Pulso_Temp/Pulso_Temp.srcs/sources_1/new/divider50MHz.vhd:24]
INFO: [Synth 8-256] done synthesizing module 'divider50MHz' (6#1) [C:/Users/almud/Downloads/Proyecto_WatchOut_Grupo_PHR25_T09/Proyecto_WatchOut/Pulso_Temp/Pulso_Temp.srcs/sources_1/new/divider50MHz.vhd:24]
INFO: [Synth 8-3491] module 'DS18B20' declared at 'C:/Users/almud/Downloads/Proyecto_WatchOut_Grupo_PHR25_T09/Proyecto_WatchOut/Pulso_Temp/Pulso_Temp.srcs/sources_1/new/ds18b20.vhd:31' bound to instance 'U1' of component 'DS18B20' [C:/Users/almud/Downloads/Proyecto_WatchOut_Grupo_PHR25_T09/Proyecto_WatchOut/Pulso_Temp/Pulso_Temp.srcs/sources_1/new/TopModule.vhd:233]
INFO: [Synth 8-638] synthesizing module 'DS18B20' [C:/Users/almud/Downloads/Proyecto_WatchOut_Grupo_PHR25_T09/Proyecto_WatchOut/Pulso_Temp/Pulso_Temp.srcs/sources_1/new/ds18b20.vhd:40]
INFO: [Synth 8-226] default block is never used [C:/Users/almud/Downloads/Proyecto_WatchOut_Grupo_PHR25_T09/Proyecto_WatchOut/Pulso_Temp/Pulso_Temp.srcs/sources_1/new/ds18b20.vhd:158]
INFO: [Synth 8-256] done synthesizing module 'DS18B20' (7#1) [C:/Users/almud/Downloads/Proyecto_WatchOut_Grupo_PHR25_T09/Proyecto_WatchOut/Pulso_Temp/Pulso_Temp.srcs/sources_1/new/ds18b20.vhd:40]
INFO: [Synth 8-3491] module 'divider1MHz' declared at 'C:/Users/almud/Downloads/Proyecto_WatchOut_Grupo_PHR25_T09/Proyecto_WatchOut/Pulso_Temp/Pulso_Temp.srcs/sources_1/new/divider1MHz.vhd:26' bound to instance 'U2' of component 'divider1MHz' [C:/Users/almud/Downloads/Proyecto_WatchOut_Grupo_PHR25_T09/Proyecto_WatchOut/Pulso_Temp/Pulso_Temp.srcs/sources_1/new/TopModule.vhd:241]
INFO: [Synth 8-638] synthesizing module 'divider1MHz' [C:/Users/almud/Downloads/Proyecto_WatchOut_Grupo_PHR25_T09/Proyecto_WatchOut/Pulso_Temp/Pulso_Temp.srcs/sources_1/new/divider1MHz.vhd:32]
INFO: [Synth 8-256] done synthesizing module 'divider1MHz' (8#1) [C:/Users/almud/Downloads/Proyecto_WatchOut_Grupo_PHR25_T09/Proyecto_WatchOut/Pulso_Temp/Pulso_Temp.srcs/sources_1/new/divider1MHz.vhd:32]
INFO: [Synth 8-3491] module 'CRC' declared at 'C:/Users/almud/Downloads/Proyecto_WatchOut_Grupo_PHR25_T09/Proyecto_WatchOut/Pulso_Temp/Pulso_Temp.srcs/sources_1/new/CRC.vhd:32' bound to instance 'U3' of component 'CRC' [C:/Users/almud/Downloads/Proyecto_WatchOut_Grupo_PHR25_T09/Proyecto_WatchOut/Pulso_Temp/Pulso_Temp.srcs/sources_1/new/TopModule.vhd:247]
INFO: [Synth 8-638] synthesizing module 'CRC' [C:/Users/almud/Downloads/Proyecto_WatchOut_Grupo_PHR25_T09/Proyecto_WatchOut/Pulso_Temp/Pulso_Temp.srcs/sources_1/new/CRC.vhd:41]
INFO: [Synth 8-256] done synthesizing module 'CRC' (9#1) [C:/Users/almud/Downloads/Proyecto_WatchOut_Grupo_PHR25_T09/Proyecto_WatchOut/Pulso_Temp/Pulso_Temp.srcs/sources_1/new/CRC.vhd:41]
INFO: [Synth 8-3491] module 'Binary_To_BCD_16b' declared at 'C:/Users/almud/Downloads/Proyecto_WatchOut_Grupo_PHR25_T09/Proyecto_WatchOut/Pulso_Temp/Pulso_Temp.srcs/sources_1/new/Binary_To_BCD_16b.vhd:23' bound to instance 'U4' of component 'Binary_To_BCD_16b' [C:/Users/almud/Downloads/Proyecto_WatchOut_Grupo_PHR25_T09/Proyecto_WatchOut/Pulso_Temp/Pulso_Temp.srcs/sources_1/new/TopModule.vhd:265]
INFO: [Synth 8-638] synthesizing module 'Binary_To_BCD_16b' [C:/Users/almud/Downloads/Proyecto_WatchOut_Grupo_PHR25_T09/Proyecto_WatchOut/Pulso_Temp/Pulso_Temp.srcs/sources_1/new/Binary_To_BCD_16b.vhd:33]
INFO: [Synth 8-226] default block is never used [C:/Users/almud/Downloads/Proyecto_WatchOut_Grupo_PHR25_T09/Proyecto_WatchOut/Pulso_Temp/Pulso_Temp.srcs/sources_1/new/Binary_To_BCD_16b.vhd:43]
INFO: [Synth 8-256] done synthesizing module 'Binary_To_BCD_16b' (10#1) [C:/Users/almud/Downloads/Proyecto_WatchOut_Grupo_PHR25_T09/Proyecto_WatchOut/Pulso_Temp/Pulso_Temp.srcs/sources_1/new/Binary_To_BCD_16b.vhd:33]
INFO: [Synth 8-3491] module 'X7seg' declared at 'C:/Users/almud/Downloads/Proyecto_WatchOut_Grupo_PHR25_T09/Proyecto_WatchOut/Pulso_Temp/Pulso_Temp.srcs/sources_1/new/X7seg.vhd:24' bound to instance 'U5' of component 'X7seg' [C:/Users/almud/Downloads/Proyecto_WatchOut_Grupo_PHR25_T09/Proyecto_WatchOut/Pulso_Temp/Pulso_Temp.srcs/sources_1/new/TopModule.vhd:278]
INFO: [Synth 8-638] synthesizing module 'X7seg' [C:/Users/almud/Downloads/Proyecto_WatchOut_Grupo_PHR25_T09/Proyecto_WatchOut/Pulso_Temp/Pulso_Temp.srcs/sources_1/new/X7seg.vhd:33]
INFO: [Synth 8-256] done synthesizing module 'X7seg' (11#1) [C:/Users/almud/Downloads/Proyecto_WatchOut_Grupo_PHR25_T09/Proyecto_WatchOut/Pulso_Temp/Pulso_Temp.srcs/sources_1/new/X7seg.vhd:33]
INFO: [Synth 8-256] done synthesizing module 'TopModule' (12#1) [C:/Users/almud/Downloads/Proyecto_WatchOut_Grupo_PHR25_T09/Proyecto_WatchOut/Pulso_Temp/Pulso_Temp.srcs/sources_1/new/TopModule.vhd:23]
---------------------------------------------------------------------------------
Finished Synthesize : Time (s): cpu = 00:00:09 ; elapsed = 00:00:08 . Memory (MB): peak = 1870.965 ; gain = 603.984
---------------------------------------------------------------------------------
Copyright 1986-2022 Xilinx, Inc. All Rights Reserved. Copyright 2022-2024 Advanced Micro Devices, Inc. All Rights Reserved.
---------------------------------------------------------------------------------------------------------------------------------------------
| Tool Version : Vivado v.2024.2 (win64) Build 5239630 Fri Nov 08 22:35:27 MST 2024
| Date         : Mon Jul 14 11:05:58 2025
| Host         : DESKTOP-VI8FS3U running 64-bit major release  (build 9200)
---------------------------------------------------------------------------------------------------------------------------------------------

RTL Linter Report

Table of Contents
-----------------
1. Summary

1. Summary
----------

+----------+----------+--------------+----------+
| Rule ID  | Severity | # Violations | # Waived |
+----------+----------+--------------+----------+
| ASSIGN-5 | WARNING  | 1            | 0        |
| ASSIGN-6 | WARNING  | 5            | 0        |
+----------+----------+--------------+----------+


WARNING: [Synth 37-124] [ASSIGN-5]Some bits in 'data' are not set. First unset bit index is 0. 
RTL Name 'data', Hierarchy 'CRC', File 'CRC.vhd', Line 44.
WARNING: [Synth 37-93] [ASSIGN-6]Signal 'REQUEST' was assigned but not read. 
RTL Name 'REQUEST', Hierarchy 'TopModule', File 'C:/Users/almud/Downloads/Proyecto_WatchOut_Grupo_PHR25_T09/Proyecto_WatchOut/Pulso_Temp/Pulso_Temp.srcs/sources_1/new/TopModule.vhd', Line 44.
WARNING: [Synth 37-123] [ASSIGN-6]Some bits in 'Y' are not read. First unread bit index is 8. 
RTL Name 'Y', Hierarchy 'TopModule', File 'TopModule.vhd', Line 49.
WARNING: [Synth 37-93] [ASSIGN-6]Signal 'adc_busy' was assigned but not read. 
RTL Name 'adc_busy', Hierarchy 'TopModule', File 'C:/Users/almud/Downloads/Proyecto_WatchOut_Grupo_PHR25_T09/Proyecto_WatchOut/Pulso_Temp/Pulso_Temp.srcs/sources_1/new/TopModule.vhd', Line 29.
WARNING: [Synth 37-93] [ASSIGN-6]Signal 'adc_eoc' was assigned but not read. 
RTL Name 'adc_eoc', Hierarchy 'TopModule', File 'C:/Users/almud/Downloads/Proyecto_WatchOut_Grupo_PHR25_T09/Proyecto_WatchOut/Pulso_Temp/Pulso_Temp.srcs/sources_1/new/TopModule.vhd', Line 30.
WARNING: [Synth 37-93] [ASSIGN-6]Signal 'ibi' was assigned but not read. 
RTL Name 'ibi', Hierarchy 'TopModule', File 'C:/Users/almud/Downloads/Proyecto_WatchOut_Grupo_PHR25_T09/Proyecto_WatchOut/Pulso_Temp/Pulso_Temp.srcs/sources_1/new/TopModule.vhd', Line 34.
INFO: [Synth 37-85] Total of 6 linter message(s) generated.
INFO: [Synth 37-45] Linter Run Finished!
Synthesis Optimization Runtime : Time (s): cpu = 00:00:09 ; elapsed = 00:00:08 . Memory (MB): peak = 1870.965 ; gain = 603.984
INFO: [Common 17-83] Releasing license: Synthesis
44 Infos, 10 Warnings, 0 Critical Warnings and 0 Errors encountered.
synth_design completed successfully
synth_design: Time (s): cpu = 00:00:09 ; elapsed = 00:00:08 . Memory (MB): peak = 1870.965 ; gain = 603.984
synth_design -rtl -rtl_skip_mlo -name rtl_1
Command: synth_design -rtl -rtl_skip_mlo -name rtl_1
Starting synth_design
Using part: xc7a35ticpg236-1L
Top: TopModule
INFO: [Device 21-403] Loading part xc7a35ticpg236-1L
INFO: [Synth 8-7079] Multithreading enabled for synth_design using a maximum of 2 processes.
---------------------------------------------------------------------------------
Starting RTL Elaboration : Time (s): cpu = 00:00:06 ; elapsed = 00:00:05 . Memory (MB): peak = 1906.797 ; gain = 35.832
---------------------------------------------------------------------------------
INFO: [Synth 8-638] synthesizing module 'TopModule' [C:/Users/almud/Downloads/Proyecto_WatchOut_Grupo_PHR25_T09/Proyecto_WatchOut/Pulso_Temp/Pulso_Temp.srcs/sources_1/new/TopModule.vhd:23]
INFO: [Synth 8-3491] module 'SampleTimer' declared at 'C:/Users/almud/Downloads/Proyecto_WatchOut_Grupo_PHR25_T09/Proyecto_WatchOut/Pulso_Temp/Pulso_Temp.srcs/sources_1/new/SampleTimer.vhd:20' bound to instance 'timer_inst' of component 'SampleTimer' [C:/Users/almud/Downloads/Proyecto_WatchOut_Grupo_PHR25_T09/Proyecto_WatchOut/Pulso_Temp/Pulso_Temp.srcs/sources_1/new/TopModule.vhd:160]
INFO: [Synth 8-638] synthesizing module 'SampleTimer' [C:/Users/almud/Downloads/Proyecto_WatchOut_Grupo_PHR25_T09/Proyecto_WatchOut/Pulso_Temp/Pulso_Temp.srcs/sources_1/new/SampleTimer.vhd:28]
INFO: [Synth 8-256] done synthesizing module 'SampleTimer' (0#1) [C:/Users/almud/Downloads/Proyecto_WatchOut_Grupo_PHR25_T09/Proyecto_WatchOut/Pulso_Temp/Pulso_Temp.srcs/sources_1/new/SampleTimer.vhd:28]
INFO: [Synth 8-3491] module 'MCP300x' declared at 'C:/Users/almud/Downloads/Proyecto_WatchOut_Grupo_PHR25_T09/Proyecto_WatchOut/Pulso_Temp/Pulso_Temp.srcs/sources_1/new/MCP300x.vhd:60' bound to instance 'adc_inst' of component 'MCP300x' [C:/Users/almud/Downloads/Proyecto_WatchOut_Grupo_PHR25_T09/Proyecto_WatchOut/Pulso_Temp/Pulso_Temp.srcs/sources_1/new/TopModule.vhd:168]
INFO: [Synth 8-638] synthesizing module 'MCP300x' [C:/Users/almud/Downloads/Proyecto_WatchOut_Grupo_PHR25_T09/Proyecto_WatchOut/Pulso_Temp/Pulso_Temp.srcs/sources_1/new/MCP300x.vhd:82]
INFO: [Synth 8-256] done synthesizing module 'MCP300x' (0#1) [C:/Users/almud/Downloads/Proyecto_WatchOut_Grupo_PHR25_T09/Proyecto_WatchOut/Pulso_Temp/Pulso_Temp.srcs/sources_1/new/MCP300x.vhd:82]
	Parameter DIVISOR bound to: 200 - type: integer 
INFO: [Synth 8-3491] module 'ClockDivider' declared at 'C:/Users/almud/Downloads/Proyecto_WatchOut_Grupo_PHR25_T09/Proyecto_WatchOut/Pulso_Temp/Pulso_Temp.srcs/sources_1/new/ClockDivider.vhd:20' bound to instance 'clkdiv_inst' of component 'ClockDivider' [C:/Users/almud/Downloads/Proyecto_WatchOut_Grupo_PHR25_T09/Proyecto_WatchOut/Pulso_Temp/Pulso_Temp.srcs/sources_1/new/TopModule.vhd:186]
INFO: [Synth 8-638] synthesizing module 'ClockDivider' [C:/Users/almud/Downloads/Proyecto_WatchOut_Grupo_PHR25_T09/Proyecto_WatchOut/Pulso_Temp/Pulso_Temp.srcs/sources_1/new/ClockDivider.vhd:32]
	Parameter DIVISOR bound to: 200 - type: integer 
INFO: [Synth 8-256] done synthesizing module 'ClockDivider' (0#1) [C:/Users/almud/Downloads/Proyecto_WatchOut_Grupo_PHR25_T09/Proyecto_WatchOut/Pulso_Temp/Pulso_Temp.srcs/sources_1/new/ClockDivider.vhd:32]
INFO: [Synth 8-3491] module 'PulseProcessor' declared at 'C:/Users/almud/Downloads/Proyecto_WatchOut_Grupo_PHR25_T09/Proyecto_WatchOut/Pulso_Temp/Pulso_Temp.srcs/sources_1/new/PulseProcessor.vhd:25' bound to instance 'pulse_inst' of component 'PulseProcessor' [C:/Users/almud/Downloads/Proyecto_WatchOut_Grupo_PHR25_T09/Proyecto_WatchOut/Pulso_Temp/Pulso_Temp.srcs/sources_1/new/TopModule.vhd:195]
INFO: [Synth 8-638] synthesizing module 'PulseProcessor' [C:/Users/almud/Downloads/Proyecto_WatchOut_Grupo_PHR25_T09/Proyecto_WatchOut/Pulso_Temp/Pulso_Temp.srcs/sources_1/new/PulseProcessor.vhd:37]
INFO: [Synth 8-256] done synthesizing module 'PulseProcessor' (0#1) [C:/Users/almud/Downloads/Proyecto_WatchOut_Grupo_PHR25_T09/Proyecto_WatchOut/Pulso_Temp/Pulso_Temp.srcs/sources_1/new/PulseProcessor.vhd:37]
INFO: [Synth 8-3491] module 'Display_7Seg_BPM' declared at 'C:/Users/almud/Downloads/Proyecto_WatchOut_Grupo_PHR25_T09/Proyecto_WatchOut/Pulso_Temp/Pulso_Temp.srcs/sources_1/new/Display_7Seg_BPM.vhd:23' bound to instance 'disp_inst' of component 'Display_7Seg_BPM' [C:/Users/almud/Downloads/Proyecto_WatchOut_Grupo_PHR25_T09/Proyecto_WatchOut/Pulso_Temp/Pulso_Temp.srcs/sources_1/new/TopModule.vhd:218]
INFO: [Synth 8-638] synthesizing module 'Display_7Seg_BPM' [C:/Users/almud/Downloads/Proyecto_WatchOut_Grupo_PHR25_T09/Proyecto_WatchOut/Pulso_Temp/Pulso_Temp.srcs/sources_1/new/Display_7Seg_BPM.vhd:32]
WARNING: [Synth 8-614] signal 'd_u' is read in the process but is not in the sensitivity list [C:/Users/almud/Downloads/Proyecto_WatchOut_Grupo_PHR25_T09/Proyecto_WatchOut/Pulso_Temp/Pulso_Temp.srcs/sources_1/new/Display_7Seg_BPM.vhd:66]
WARNING: [Synth 8-614] signal 'd_t' is read in the process but is not in the sensitivity list [C:/Users/almud/Downloads/Proyecto_WatchOut_Grupo_PHR25_T09/Proyecto_WatchOut/Pulso_Temp/Pulso_Temp.srcs/sources_1/new/Display_7Seg_BPM.vhd:66]
WARNING: [Synth 8-614] signal 'd_h' is read in the process but is not in the sensitivity list [C:/Users/almud/Downloads/Proyecto_WatchOut_Grupo_PHR25_T09/Proyecto_WatchOut/Pulso_Temp/Pulso_Temp.srcs/sources_1/new/Display_7Seg_BPM.vhd:66]
WARNING: [Synth 8-614] signal 'd_th' is read in the process but is not in the sensitivity list [C:/Users/almud/Downloads/Proyecto_WatchOut_Grupo_PHR25_T09/Proyecto_WatchOut/Pulso_Temp/Pulso_Temp.srcs/sources_1/new/Display_7Seg_BPM.vhd:66]
INFO: [Synth 8-256] done synthesizing module 'Display_7Seg_BPM' (0#1) [C:/Users/almud/Downloads/Proyecto_WatchOut_Grupo_PHR25_T09/Proyecto_WatchOut/Pulso_Temp/Pulso_Temp.srcs/sources_1/new/Display_7Seg_BPM.vhd:32]
INFO: [Synth 8-3491] module 'divider50MHz' declared at 'C:/Users/almud/Downloads/Proyecto_WatchOut_Grupo_PHR25_T09/Proyecto_WatchOut/Pulso_Temp/Pulso_Temp.srcs/sources_1/new/divider50MHz.vhd:19' bound to instance 'U0' of component 'divider50MHz' [C:/Users/almud/Downloads/Proyecto_WatchOut_Grupo_PHR25_T09/Proyecto_WatchOut/Pulso_Temp/Pulso_Temp.srcs/sources_1/new/TopModule.vhd:227]
INFO: [Synth 8-638] synthesizing module 'divider50MHz' [C:/Users/almud/Downloads/Proyecto_WatchOut_Grupo_PHR25_T09/Proyecto_WatchOut/Pulso_Temp/Pulso_Temp.srcs/sources_1/new/divider50MHz.vhd:24]
INFO: [Synth 8-256] done synthesizing module 'divider50MHz' (0#1) [C:/Users/almud/Downloads/Proyecto_WatchOut_Grupo_PHR25_T09/Proyecto_WatchOut/Pulso_Temp/Pulso_Temp.srcs/sources_1/new/divider50MHz.vhd:24]
INFO: [Synth 8-3491] module 'DS18B20' declared at 'C:/Users/almud/Downloads/Proyecto_WatchOut_Grupo_PHR25_T09/Proyecto_WatchOut/Pulso_Temp/Pulso_Temp.srcs/sources_1/new/ds18b20.vhd:31' bound to instance 'U1' of component 'DS18B20' [C:/Users/almud/Downloads/Proyecto_WatchOut_Grupo_PHR25_T09/Proyecto_WatchOut/Pulso_Temp/Pulso_Temp.srcs/sources_1/new/TopModule.vhd:233]
INFO: [Synth 8-638] synthesizing module 'DS18B20' [C:/Users/almud/Downloads/Proyecto_WatchOut_Grupo_PHR25_T09/Proyecto_WatchOut/Pulso_Temp/Pulso_Temp.srcs/sources_1/new/ds18b20.vhd:40]
INFO: [Synth 8-226] default block is never used [C:/Users/almud/Downloads/Proyecto_WatchOut_Grupo_PHR25_T09/Proyecto_WatchOut/Pulso_Temp/Pulso_Temp.srcs/sources_1/new/ds18b20.vhd:158]
INFO: [Synth 8-256] done synthesizing module 'DS18B20' (0#1) [C:/Users/almud/Downloads/Proyecto_WatchOut_Grupo_PHR25_T09/Proyecto_WatchOut/Pulso_Temp/Pulso_Temp.srcs/sources_1/new/ds18b20.vhd:40]
INFO: [Synth 8-3491] module 'divider1MHz' declared at 'C:/Users/almud/Downloads/Proyecto_WatchOut_Grupo_PHR25_T09/Proyecto_WatchOut/Pulso_Temp/Pulso_Temp.srcs/sources_1/new/divider1MHz.vhd:26' bound to instance 'U2' of component 'divider1MHz' [C:/Users/almud/Downloads/Proyecto_WatchOut_Grupo_PHR25_T09/Proyecto_WatchOut/Pulso_Temp/Pulso_Temp.srcs/sources_1/new/TopModule.vhd:241]
INFO: [Synth 8-638] synthesizing module 'divider1MHz' [C:/Users/almud/Downloads/Proyecto_WatchOut_Grupo_PHR25_T09/Proyecto_WatchOut/Pulso_Temp/Pulso_Temp.srcs/sources_1/new/divider1MHz.vhd:32]
INFO: [Synth 8-256] done synthesizing module 'divider1MHz' (0#1) [C:/Users/almud/Downloads/Proyecto_WatchOut_Grupo_PHR25_T09/Proyecto_WatchOut/Pulso_Temp/Pulso_Temp.srcs/sources_1/new/divider1MHz.vhd:32]
INFO: [Synth 8-3491] module 'CRC' declared at 'C:/Users/almud/Downloads/Proyecto_WatchOut_Grupo_PHR25_T09/Proyecto_WatchOut/Pulso_Temp/Pulso_Temp.srcs/sources_1/new/CRC.vhd:32' bound to instance 'U3' of component 'CRC' [C:/Users/almud/Downloads/Proyecto_WatchOut_Grupo_PHR25_T09/Proyecto_WatchOut/Pulso_Temp/Pulso_Temp.srcs/sources_1/new/TopModule.vhd:247]
INFO: [Synth 8-638] synthesizing module 'CRC' [C:/Users/almud/Downloads/Proyecto_WatchOut_Grupo_PHR25_T09/Proyecto_WatchOut/Pulso_Temp/Pulso_Temp.srcs/sources_1/new/CRC.vhd:41]
INFO: [Synth 8-256] done synthesizing module 'CRC' (0#1) [C:/Users/almud/Downloads/Proyecto_WatchOut_Grupo_PHR25_T09/Proyecto_WatchOut/Pulso_Temp/Pulso_Temp.srcs/sources_1/new/CRC.vhd:41]
INFO: [Synth 8-3491] module 'Binary_To_BCD_16b' declared at 'C:/Users/almud/Downloads/Proyecto_WatchOut_Grupo_PHR25_T09/Proyecto_WatchOut/Pulso_Temp/Pulso_Temp.srcs/sources_1/new/Binary_To_BCD_16b.vhd:23' bound to instance 'U4' of component 'Binary_To_BCD_16b' [C:/Users/almud/Downloads/Proyecto_WatchOut_Grupo_PHR25_T09/Proyecto_WatchOut/Pulso_Temp/Pulso_Temp.srcs/sources_1/new/TopModule.vhd:265]
INFO: [Synth 8-638] synthesizing module 'Binary_To_BCD_16b' [C:/Users/almud/Downloads/Proyecto_WatchOut_Grupo_PHR25_T09/Proyecto_WatchOut/Pulso_Temp/Pulso_Temp.srcs/sources_1/new/Binary_To_BCD_16b.vhd:33]
INFO: [Synth 8-226] default block is never used [C:/Users/almud/Downloads/Proyecto_WatchOut_Grupo_PHR25_T09/Proyecto_WatchOut/Pulso_Temp/Pulso_Temp.srcs/sources_1/new/Binary_To_BCD_16b.vhd:43]
INFO: [Synth 8-256] done synthesizing module 'Binary_To_BCD_16b' (0#1) [C:/Users/almud/Downloads/Proyecto_WatchOut_Grupo_PHR25_T09/Proyecto_WatchOut/Pulso_Temp/Pulso_Temp.srcs/sources_1/new/Binary_To_BCD_16b.vhd:33]
INFO: [Synth 8-3491] module 'X7seg' declared at 'C:/Users/almud/Downloads/Proyecto_WatchOut_Grupo_PHR25_T09/Proyecto_WatchOut/Pulso_Temp/Pulso_Temp.srcs/sources_1/new/X7seg.vhd:24' bound to instance 'U5' of component 'X7seg' [C:/Users/almud/Downloads/Proyecto_WatchOut_Grupo_PHR25_T09/Proyecto_WatchOut/Pulso_Temp/Pulso_Temp.srcs/sources_1/new/TopModule.vhd:278]
INFO: [Synth 8-638] synthesizing module 'X7seg' [C:/Users/almud/Downloads/Proyecto_WatchOut_Grupo_PHR25_T09/Proyecto_WatchOut/Pulso_Temp/Pulso_Temp.srcs/sources_1/new/X7seg.vhd:33]
INFO: [Synth 8-256] done synthesizing module 'X7seg' (0#1) [C:/Users/almud/Downloads/Proyecto_WatchOut_Grupo_PHR25_T09/Proyecto_WatchOut/Pulso_Temp/Pulso_Temp.srcs/sources_1/new/X7seg.vhd:33]
INFO: [Synth 8-256] done synthesizing module 'TopModule' (0#1) [C:/Users/almud/Downloads/Proyecto_WatchOut_Grupo_PHR25_T09/Proyecto_WatchOut/Pulso_Temp/Pulso_Temp.srcs/sources_1/new/TopModule.vhd:23]
---------------------------------------------------------------------------------
Finished RTL Elaboration : Time (s): cpu = 00:00:08 ; elapsed = 00:00:07 . Memory (MB): peak = 2026.191 ; gain = 155.227
---------------------------------------------------------------------------------
---------------------------------------------------------------------------------
Start Handling Custom Attributes
---------------------------------------------------------------------------------
---------------------------------------------------------------------------------
Finished Handling Custom Attributes : Time (s): cpu = 00:00:08 ; elapsed = 00:00:07 . Memory (MB): peak = 2026.191 ; gain = 155.227
---------------------------------------------------------------------------------
---------------------------------------------------------------------------------
Finished RTL Optimization Phase 1 : Time (s): cpu = 00:00:08 ; elapsed = 00:00:07 . Memory (MB): peak = 2026.191 ; gain = 155.227
---------------------------------------------------------------------------------
Netlist sorting complete. Time (s): cpu = 00:00:00 ; elapsed = 00:00:00.016 . Memory (MB): peak = 2026.191 ; gain = 0.000
INFO: [Project 1-570] Preparing netlist for logic optimization

Processing XDC Constraints
Initializing timing engine
Parsing XDC File [C:/Users/almud/Downloads/Proyecto_WatchOut_Grupo_PHR25_T09/Proyecto_WatchOut/Pulso_Temp/Pulso_Temp.srcs/constrs_1/new/Basys3_Master.xdc]
Finished Parsing XDC File [C:/Users/almud/Downloads/Proyecto_WatchOut_Grupo_PHR25_T09/Proyecto_WatchOut/Pulso_Temp/Pulso_Temp.srcs/constrs_1/new/Basys3_Master.xdc]
Completed Processing XDC Constraints

Netlist sorting complete. Time (s): cpu = 00:00:00 ; elapsed = 00:00:00.001 . Memory (MB): peak = 2057.965 ; gain = 0.000
INFO: [Project 1-111] Unisim Transformation Summary:
No Unisim elements were transformed.

RTL Elaboration Complete:  : Time (s): cpu = 00:00:21 ; elapsed = 00:00:15 . Memory (MB): peak = 2324.395 ; gain = 453.430
41 Infos, 4 Warnings, 0 Critical Warnings and 0 Errors encountered.
synth_design completed successfully
synth_design: Time (s): cpu = 00:00:23 ; elapsed = 00:00:18 . Memory (MB): peak = 2324.395 ; gain = 453.430
write_schematic C:/Users/almud/OneDrive/Escritorio/schematic.sch
C:/Users/almud/OneDrive/Escritorio/schematic.sch
write_schematic -format pdf -orientation portrait C:/Users/almud/OneDrive/Escritorio/schematic.pdf
C:/Users/almud/OneDrive/Escritorio/schematic.pdf
reset_run synth_1
INFO: [Project 1-1161] Replacing file C:/Users/almud/Downloads/Proyecto_WatchOut_Grupo_PHR25_T09/Proyecto_WatchOut/Pulso_Temp/Pulso_Temp.srcs/utils_1/imports/synth_1/TopModule.dcp with file C:/Users/almud/Downloads/Proyecto_WatchOut_Grupo_PHR25_T09/Proyecto_WatchOut/Pulso_Temp/Pulso_Temp.runs/synth_1/TopModule.dcp
launch_runs synth_1 -jobs 6
[Mon Jul 14 11:19:11 2025] Launched synth_1...
Run output will be captured here: C:/Users/almud/Downloads/Proyecto_WatchOut_Grupo_PHR25_T09/Proyecto_WatchOut/Pulso_Temp/Pulso_Temp.runs/synth_1/runme.log
launch_runs impl_1 -jobs 6
[Mon Jul 14 11:20:40 2025] Launched impl_1...
Run output will be captured here: C:/Users/almud/Downloads/Proyecto_WatchOut_Grupo_PHR25_T09/Proyecto_WatchOut/Pulso_Temp/Pulso_Temp.runs/impl_1/runme.log
launch_runs impl_1 -to_step write_bitstream -jobs 6
[Mon Jul 14 11:24:01 2025] Launched impl_1...
Run output will be captured here: C:/Users/almud/Downloads/Proyecto_WatchOut_Grupo_PHR25_T09/Proyecto_WatchOut/Pulso_Temp/Pulso_Temp.runs/impl_1/runme.log
open_hw_manager
connect_hw_server -allow_non_jtag
INFO: [Labtools 27-2285] Connecting to hw_server url TCP:localhost:3121
INFO: [Labtools 27-2222] Launching hw_server...
INFO: [Labtools 27-2221] Launch Output:

****** Xilinx hw_server v2024.2
  **** Build date : Oct 29 2024 at 10:25:41
    ** Copyright 1986-2022 Xilinx, Inc. All Rights Reserved.


INFO: [Labtools 27-3415] Connecting to cs_server url TCP:localhost:0
INFO: [Labtools 27-3417] Launching cs_server...
INFO: [Labtools 27-2221] Launch Output:


******** Xilinx cs_server v2024.2.0
  ****** Build date   : Oct 30 2024-19:19:07
    **** Build number : 2024.2.1730312347
      ** Copyright 2017-2022 Xilinx, Inc. All Rights Reserved.
      ** Copyright 2022-2025 Advanced Micro Devices, Inc. All Rights Reserved.



connect_hw_server: Time (s): cpu = 00:00:01 ; elapsed = 00:00:06 . Memory (MB): peak = 2373.746 ; gain = 13.871
disconnect_hw_server localhost:3121
connect_hw_server -allow_non_jtag
INFO: [Labtools 27-2285] Connecting to hw_server url TCP:localhost:3121
INFO: [Labtools 27-3415] Connecting to cs_server url TCP:localhost:0
INFO: [Labtools 27-3417] Launching cs_server...
INFO: [Labtools 27-2221] Launch Output:


******** Xilinx cs_server v2024.2.0
  ****** Build date   : Oct 30 2024-19:19:07
    **** Build number : 2024.2.1730312347
      ** Copyright 2017-2022 Xilinx, Inc. All Rights Reserved.
      ** Copyright 2022-2025 Advanced Micro Devices, Inc. All Rights Reserved.



open_hw_target
INFO: [Labtoolstcl 44-466] Opening hw_target localhost:3121/xilinx_tcf/Digilent/210183B16590A
set_property PROGRAM.FILE {C:/Users/almud/Downloads/Proyecto_WatchOut_Grupo_PHR25_T09/Proyecto_WatchOut/Pulso_Temp/Pulso_Temp.runs/impl_1/TopModule.bit} [get_hw_devices xc7a35t_0]
current_hw_device [get_hw_devices xc7a35t_0]
refresh_hw_device -update_hw_probes false [lindex [get_hw_devices xc7a35t_0] 0]
INFO: [Labtools 27-1434] Device xc7a35t (JTAG device index = 0) is programmed with a design that has no supported debug core(s) in it.
set_property PROBES.FILE {} [get_hw_devices xc7a35t_0]
set_property FULL_PROBES.FILE {} [get_hw_devices xc7a35t_0]
set_property PROGRAM.FILE {C:/Users/almud/Downloads/Proyecto_WatchOut_Grupo_PHR25_T09/Proyecto_WatchOut/Pulso_Temp/Pulso_Temp.runs/impl_1/TopModule.bit} [get_hw_devices xc7a35t_0]
program_hw_devices [get_hw_devices xc7a35t_0]
INFO: [Labtools 27-3164] End of startup status: HIGH
refresh_hw_device [lindex [get_hw_devices xc7a35t_0] 0]
INFO: [Labtools 27-1434] Device xc7a35t (JTAG device index = 0) is programmed with a design that has no supported debug core(s) in it.
exit
INFO: [Common 17-206] Exiting Vivado at Mon Jul 14 11:38:58 2025...
