#-----------------------------------------------------------
# Vivado v2024.2 (64-bit)
# SW Build 5239630 on Fri Nov 08 22:35:27 MST 2024
# IP Build 5239520 on Sun Nov 10 16:12:51 MST 2024
# SharedData Build 5239561 on Fri Nov 08 14:39:27 MST 2024
# Start of session at: Sat Jul 12 10:46:26 2025
# Process ID         : 14888
# Current directory  : C:/Users/almud/Downloads/Proyecto_WatchOut_V2/Pulso_Temp
# Command line       : vivado.exe -gui_launcher_event rodinguilauncherevent20684 C:\Users\almud\Downloads\Proyecto_WatchOut_V2\Pulso_Temp\Pulso_Temp.xpr
# Log file           : C:/Users/almud/Downloads/Proyecto_WatchOut_V2/Pulso_Temp/vivado.log
# Journal file       : C:/Users/almud/Downloads/Proyecto_WatchOut_V2/Pulso_Temp\vivado.jou
# Running On         : DESKTOP-VI8FS3U
# Platform           : Windows Server 2016 or Windows 10
# Operating System   : 26100
# Processor Detail   : Intel(R) Core(TM) i7-10750H CPU @ 2.60GHz
# CPU Frequency      : 2592 MHz
# CPU Physical cores : 6
# CPU Logical cores  : 12
# Host memory        : 17041 MB
# Swap memory        : 1073 MB
# Total Virtual      : 18114 MB
# Available Virtual  : 8104 MB
#-----------------------------------------------------------
start_gui
open_project C:/Users/almud/Downloads/Proyecto_WatchOut_V2/Pulso_Temp/Pulso_Temp.xpr
INFO: [filemgmt 56-3] Default IP Output Path : Could not find the directory 'C:/Users/almud/Downloads/Proyecto_WatchOut_V2/Pulso_Temp/Pulso_Temp.gen/sources_1'.
Scanning sources...
Finished scanning sources
INFO: [IP_Flow 19-234] Refreshing IP repositories
INFO: [IP_Flow 19-1704] No user IP repositories specified
INFO: [IP_Flow 19-2313] Loaded Vivado IP repository 'C:/Xilinx/Vivado/2024.2/data/ip'.
open_project: Time (s): cpu = 00:00:18 ; elapsed = 00:00:08 . Memory (MB): peak = 1240.355 ; gain = 148.879
update_compile_order -fileset sources_1
open_run synth_1 -name synth_1
Design is defaulting to impl run constrset: constrs_1
Design is defaulting to synth run part: xc7a35ticpg236-1L
INFO: [Device 21-403] Loading part xc7a35ticpg236-1L
Netlist sorting complete. Time (s): cpu = 00:00:00 ; elapsed = 00:00:00.011 . Memory (MB): peak = 1437.840 ; gain = 0.000
INFO: [Netlist 29-17] Analyzing 280 Unisim elements for replacement
INFO: [Netlist 29-28] Unisim Transformation completed in 1 CPU seconds
INFO: [Project 1-479] Netlist was created with Vivado 2024.2
INFO: [Project 1-570] Preparing netlist for logic optimization
Parsing XDC File [C:/Users/almud/Downloads/Proyecto_WatchOut_V2/Pulso_Temp/Pulso_Temp.srcs/constrs_1/new/Basys3_Master.xdc]
Finished Parsing XDC File [C:/Users/almud/Downloads/Proyecto_WatchOut_V2/Pulso_Temp/Pulso_Temp.srcs/constrs_1/new/Basys3_Master.xdc]
INFO: [Opt 31-138] Pushed 0 inverter(s) to 0 load pin(s).
Netlist sorting complete. Time (s): cpu = 00:00:00 ; elapsed = 00:00:00 . Memory (MB): peak = 1549.656 ; gain = 0.000
INFO: [Project 1-111] Unisim Transformation Summary:
  A total of 1 instances were transformed.
  IOBUF => IOBUF (IBUF, OBUFT): 1 instance 

open_run: Time (s): cpu = 00:00:23 ; elapsed = 00:00:14 . Memory (MB): peak = 1896.941 ; gain = 628.691
close_design
open_run impl_1
Netlist sorting complete. Time (s): cpu = 00:00:00 ; elapsed = 00:00:00.011 . Memory (MB): peak = 2351.961 ; gain = 0.000
INFO: [Netlist 29-17] Analyzing 280 Unisim elements for replacement
INFO: [Netlist 29-28] Unisim Transformation completed in 0 CPU seconds
INFO: [Project 1-479] Netlist was created with Vivado 2024.2
INFO: [Project 1-570] Preparing netlist for logic optimization
Read ShapeDB Complete: Time (s): cpu = 00:00:00 ; elapsed = 00:00:00.013 . Memory (MB): peak = 2351.961 ; gain = 0.000
INFO: [Timing 38-478] Restoring timing data from binary archive.
INFO: [Timing 38-479] Binary timing data restore complete.
INFO: [Project 1-856] Restoring constraints from binary archive.
INFO: [Project 1-853] Binary constraint restore complete.
INFO: [Designutils 20-5722] Start Reading Physical Databases.
Reading placement.
Read Netlist Cache: Time (s): cpu = 00:00:00 ; elapsed = 00:00:00.005 . Memory (MB): peak = 2432.758 ; gain = 0.000
Reading placer database...
Read Device Cache: Time (s): cpu = 00:00:00 ; elapsed = 00:00:00.010 . Memory (MB): peak = 2432.758 ; gain = 0.000
Read PlaceDB: Time (s): cpu = 00:00:00 ; elapsed = 00:00:00.125 . Memory (MB): peak = 2432.758 ; gain = 0.000
Read PulsedLatchDB: Time (s): cpu = 00:00:00 ; elapsed = 00:00:00 . Memory (MB): peak = 2432.758 ; gain = 0.000
Reading routing.
Read RouteStorage: Time (s): cpu = 00:00:00 ; elapsed = 00:00:00.041 . Memory (MB): peak = 2432.758 ; gain = 0.000
Read Physdb Files: Time (s): cpu = 00:00:00 ; elapsed = 00:00:00.196 . Memory (MB): peak = 2432.758 ; gain = 0.000
Restored from archive | CPU: 0.000000 secs | Memory: 0.000000 MB |
Finished XDEF File Restore: Time (s): cpu = 00:00:00 ; elapsed = 00:00:00.197 . Memory (MB): peak = 2432.758 ; gain = 0.000
Netlist sorting complete. Time (s): cpu = 00:00:00 ; elapsed = 00:00:00.001 . Memory (MB): peak = 2432.758 ; gain = 0.000
INFO: [Project 1-111] Unisim Transformation Summary:
  A total of 1 instances were transformed.
  IOBUF => IOBUF (IBUF, OBUFT): 1 instance 

open_run: Time (s): cpu = 00:00:15 ; elapsed = 00:00:13 . Memory (MB): peak = 2490.934 ; gain = 138.973
CRITICAL WARNING: [Timing 38-282] The design failed to meet the timing requirements. Please see the timing summary report for details on the timing violations.
launch_simulation
Command: launch_simulation 
INFO: [Vivado 12-12493] Simulation top is 'TopModule'
WARNING: [Vivado 12-13340] Unable to auto find GCC executables from simulator install path! (path not set)
INFO: [Vivado 12-5682] Launching behavioral simulation in 'C:/Users/almud/Downloads/Proyecto_WatchOut_V2/Pulso_Temp/Pulso_Temp.sim/sim_1/behav/xsim'
INFO: [SIM-utils-51] Simulation object is 'sim_1'
INFO: [SIM-utils-72] Using boost library from 'C:/Xilinx/Vivado/2024.2/tps/boost_1_72_0'
INFO: [SIM-utils-54] Inspecting design source files for 'TopModule' in fileset 'sim_1'...
INFO: [USF-XSim-97] Finding global include files...
INFO: [USF-XSim-98] Fetching design files from 'sim_1'...
INFO: [USF-XSim-2] XSim::Compile design
INFO: [USF-XSim-61] Executing 'COMPILE and ANALYZE' step in 'C:/Users/almud/Downloads/Proyecto_WatchOut_V2/Pulso_Temp/Pulso_Temp.sim/sim_1/behav/xsim'
"xvhdl --incr --relax -prj TopModule_vhdl.prj"
INFO: [VRFC 10-163] Analyzing VHDL file "C:/Users/almud/Downloads/Proyecto_WatchOut_V2/Pulso_Temp/Pulso_Temp.srcs/sources_1/new/Binary_To_BCD_16b.vhd" into library xil_defaultlib
INFO: [VRFC 10-3107] analyzing entity 'Binary_To_BCD_16b'
INFO: [VRFC 10-163] Analyzing VHDL file "C:/Users/almud/Downloads/Proyecto_WatchOut_V2/Pulso_Temp/Pulso_Temp.srcs/sources_1/new/CRC.vhd" into library xil_defaultlib
INFO: [VRFC 10-3107] analyzing entity 'CRC'
INFO: [VRFC 10-163] Analyzing VHDL file "C:/Users/almud/Downloads/Proyecto_WatchOut_V2/Pulso_Temp/Pulso_Temp.srcs/sources_1/new/ClockDivider.vhd" into library xil_defaultlib
INFO: [VRFC 10-3107] analyzing entity 'ClockDivider'
INFO: [VRFC 10-163] Analyzing VHDL file "C:/Users/almud/Downloads/Proyecto_WatchOut_V2/Pulso_Temp/Pulso_Temp.srcs/sources_1/new/Display_7Seg_BPM.vhd" into library xil_defaultlib
INFO: [VRFC 10-3107] analyzing entity 'Display_7Seg_BPM'
INFO: [VRFC 10-163] Analyzing VHDL file "C:/Users/almud/Downloads/Proyecto_WatchOut_V2/Pulso_Temp/Pulso_Temp.srcs/sources_1/new/MCP300x.vhd" into library xil_defaultlib
INFO: [VRFC 10-3107] analyzing entity 'MCP300x'
INFO: [VRFC 10-163] Analyzing VHDL file "C:/Users/almud/Downloads/Proyecto_WatchOut_V2/Pulso_Temp/Pulso_Temp.srcs/sources_1/new/PulseProcessor.vhd" into library xil_defaultlib
INFO: [VRFC 10-3107] analyzing entity 'PulseProcessor'
INFO: [VRFC 10-163] Analyzing VHDL file "C:/Users/almud/Downloads/Proyecto_WatchOut_V2/Pulso_Temp/Pulso_Temp.srcs/sources_1/new/SampleTimer.vhd" into library xil_defaultlib
INFO: [VRFC 10-3107] analyzing entity 'SampleTimer'
INFO: [VRFC 10-163] Analyzing VHDL file "C:/Users/almud/Downloads/Proyecto_WatchOut_V2/Pulso_Temp/Pulso_Temp.srcs/sources_1/new/X7seg.vhd" into library xil_defaultlib
INFO: [VRFC 10-3107] analyzing entity 'X7seg'
INFO: [VRFC 10-163] Analyzing VHDL file "C:/Users/almud/Downloads/Proyecto_WatchOut_V2/Pulso_Temp/Pulso_Temp.srcs/sources_1/new/divider1MHz.vhd" into library xil_defaultlib
INFO: [VRFC 10-3107] analyzing entity 'divider1MHz'
INFO: [VRFC 10-163] Analyzing VHDL file "C:/Users/almud/Downloads/Proyecto_WatchOut_V2/Pulso_Temp/Pulso_Temp.srcs/sources_1/new/divider50MHz.vhd" into library xil_defaultlib
INFO: [VRFC 10-3107] analyzing entity 'divider50MHz'
INFO: [VRFC 10-163] Analyzing VHDL file "C:/Users/almud/Downloads/Proyecto_WatchOut_V2/Pulso_Temp/Pulso_Temp.srcs/sources_1/new/ds18b20.vhd" into library xil_defaultlib
INFO: [VRFC 10-3107] analyzing entity 'DS18B20'
INFO: [VRFC 10-163] Analyzing VHDL file "C:/Users/almud/Downloads/Proyecto_WatchOut_V2/Pulso_Temp/Pulso_Temp.srcs/sources_1/new/TopModule.vhd" into library xil_defaultlib
INFO: [VRFC 10-3107] analyzing entity 'TopModule'
run_program: Time (s): cpu = 00:00:00 ; elapsed = 00:00:06 . Memory (MB): peak = 2536.207 ; gain = 0.000
INFO: [USF-XSim-69] 'compile' step finished in '6' seconds
INFO: [USF-XSim-3] XSim::Elaborate design
INFO: [USF-XSim-61] Executing 'ELABORATE' step in 'C:/Users/almud/Downloads/Proyecto_WatchOut_V2/Pulso_Temp/Pulso_Temp.sim/sim_1/behav/xsim'
"xelab --incr --debug typical --relax --mt 2 -L xil_defaultlib -L secureip --snapshot TopModule_behav xil_defaultlib.TopModule -log elaborate.log"
Vivado Simulator v2024.2.0
Copyright 1986-2022 Xilinx, Inc. All Rights Reserved.
Copyright 2022-2024 Advanced Micro Devices, Inc. All Rights Reserved.
Running: C:/Xilinx/Vivado/2024.2/bin/unwrapped/win64.o/xelab.exe --incr --debug typical --relax --mt 2 -L xil_defaultlib -L secureip --snapshot TopModule_behav xil_defaultlib.TopModule -log elaborate.log 
Using 2 slave threads.
Starting static elaboration
Completed static elaboration
Starting simulation data flow analysis
Completed simulation data flow analysis
Time Resolution for simulation is 1ps
Compiling package std.standard
Compiling package std.textio
Compiling package ieee.std_logic_1164
Compiling package ieee.numeric_std
Compiling package ieee.std_logic_arith
Compiling package ieee.std_logic_unsigned
Compiling architecture behavioral of entity xil_defaultlib.SampleTimer [sampletimer_default]
Compiling architecture rtl of entity xil_defaultlib.MCP300x [mcp300x_default]
Compiling architecture behavioral of entity xil_defaultlib.ClockDivider [clockdivider_default]
Compiling architecture behavioral of entity xil_defaultlib.PulseProcessor [pulseprocessor_default]
Compiling architecture behavioral of entity xil_defaultlib.Display_7Seg_BPM [display_7seg_bpm_default]
Compiling architecture behavioral of entity xil_defaultlib.divider50MHz [divider50mhz_default]
Compiling architecture behavioral of entity xil_defaultlib.DS18B20 [ds18b20_default]
Compiling architecture behavioral of entity xil_defaultlib.divider1MHz [divider1mhz_default]
Compiling architecture behavioral of entity xil_defaultlib.CRC [crc_default]
Compiling architecture behavioral of entity xil_defaultlib.Binary_To_BCD_16b [binary_to_bcd_16b_default]
Compiling architecture behavioral of entity xil_defaultlib.X7seg [x7seg_default]
Compiling architecture behavioral of entity xil_defaultlib.topmodule
Built simulation snapshot TopModule_behav
run_program: Time (s): cpu = 00:00:00 ; elapsed = 00:00:06 . Memory (MB): peak = 2536.207 ; gain = 0.000
INFO: [USF-XSim-69] 'elaborate' step finished in '6' seconds
INFO: [USF-XSim-4] XSim::Simulate design
INFO: [USF-XSim-61] Executing 'SIMULATE' step in 'C:/Users/almud/Downloads/Proyecto_WatchOut_V2/Pulso_Temp/Pulso_Temp.sim/sim_1/behav/xsim'
INFO: [USF-XSim-98] *** Running xsim
   with args "TopModule_behav -key {Behavioral:sim_1:Functional:TopModule} -tclbatch {TopModule.tcl} -log {simulate.log}"
INFO: [USF-XSim-8] Loading simulator feature
Time resolution is 1 ps
source TopModule.tcl
# set curr_wave [current_wave_config]
# if { [string length $curr_wave] == 0 } {
#   if { [llength [get_objects]] > 0} {
#     add_wave /
#     set_property needs_save false [current_wave_config]
#   } else {
#      send_msg_id Add_Wave-1 WARNING "No top level signals found. Simulator will start without a wave window. If you want to open a wave window go to 'File->New Waveform Configuration' or type 'create_wave_config' in the TCL console."
#   }
# }
# run 1000ns
INFO: [USF-XSim-96] XSim completed. Design snapshot 'TopModule_behav' loaded.
INFO: [USF-XSim-97] XSim simulation ran for 1000ns
launch_simulation: Time (s): cpu = 00:00:06 ; elapsed = 00:00:17 . Memory (MB): peak = 2551.594 ; gain = 15.387
reset_run synth_1
INFO: [Project 1-1161] Replacing file C:/Users/almud/Downloads/Proyecto_WatchOut_V2/Pulso_Temp/Pulso_Temp.srcs/utils_1/imports/synth_1/TopModule.dcp with file C:/Users/almud/Downloads/Proyecto_WatchOut_V2/Pulso_Temp/Pulso_Temp.runs/synth_1/TopModule.dcp
WARNING: [Vivado 12-1017] Problems encountered:
1. Failed to delete one or more files in run directory C:/Users/almud/Downloads/Proyecto_WatchOut_V2/Pulso_Temp/Pulso_Temp.runs/synth_1

launch_runs synth_1 -jobs 6
WARNING: [filemgmt 56-199] Attempt to get parsing info during refresh. "On-the-fly" syntax checking information may be incorrect. [C:\Users\almud\Downloads\Proyecto_WatchOut_V2\Pulso_Temp\Pulso_Temp.srcs\sources_1\new\CRC.vhd:]
WARNING: [filemgmt 56-199] Attempt to get parsing info during refresh. "On-the-fly" syntax checking information may be incorrect. [C:\Users\almud\Downloads\Proyecto_WatchOut_V2\Pulso_Temp\Pulso_Temp.srcs\sources_1\new\TopModule.vhd:]
WARNING: [filemgmt 56-199] Attempt to get parsing info during refresh. "On-the-fly" syntax checking information may be incorrect. [C:\Users\almud\Downloads\Proyecto_WatchOut_V2\Pulso_Temp\Pulso_Temp.srcs\sources_1\new\TopModule.vhd:]
WARNING: [filemgmt 56-199] Attempt to get parsing info during refresh. "On-the-fly" syntax checking information may be incorrect. [C:\Users\almud\Downloads\Proyecto_WatchOut_V2\Pulso_Temp\Pulso_Temp.srcs\sources_1\new\TopModule.vhd:]
[Sat Jul 12 11:20:15 2025] Launched synth_1...
Run output will be captured here: C:/Users/almud/Downloads/Proyecto_WatchOut_V2/Pulso_Temp/Pulso_Temp.runs/synth_1/runme.log
ERROR: [Common 17-180] Spawn failed: No error
launch_runs impl_1 -jobs 6
[Sat Jul 12 11:23:30 2025] Launched impl_1...
Run output will be captured here: C:/Users/almud/Downloads/Proyecto_WatchOut_V2/Pulso_Temp/Pulso_Temp.runs/impl_1/runme.log
launch_runs impl_1 -to_step write_bitstream -jobs 6
[Sat Jul 12 11:26:56 2025] Launched impl_1...
Run output will be captured here: C:/Users/almud/Downloads/Proyecto_WatchOut_V2/Pulso_Temp/Pulso_Temp.runs/impl_1/runme.log
open_hw_manager
close_sim
INFO: [Simtcl 6-16] Simulation closed
exit
INFO: [Common 17-206] Exiting Vivado at Sat Jul 12 11:28:39 2025...
