#
# A fatal error has been detected by the Java Runtime Environment:
#
#  EXCEPTION_ACCESS_VIOLATION (0xc0000005) at pc=0x00007ff82af84a35, pid=20760, tid=22772
#
# JRE version: OpenJDK Runtime Environment Temurin-21.0.1+12 (21.0.1+12) (build 21.0.1+12-LTS)
# Java VM: OpenJDK 64-Bit Server VM Temurin-21.0.1+12 (21.0.1+12-LTS, mixed mode, sharing, tiered, compressed oops, compressed class ptrs, g1 gc, windows-amd64)
# Problematic frame:
# Csrcscan starts
=============== Using vdb files for VHDL std libs ===========
INFO: VHDL library search path for library "std" is now "C:/Xilinx/Vivado/2024.2/data/precomp_hsv/vhdl/std" (VHDL-1505)
INFO: VHDL library search path for library "synopsys" is now "C:/Xilinx/Vivado/2024.2/data/precomp_hsv/vhdl/synopsys" (VHDL-1505)
INFO: VHDL library search path for library "ieee" is now "C:/Xilinx/Vivado/2024.2/data/precomp_hsv/vhdl/ieee" (VHDL-1505)
INFO: VHDL library search path for library "unimacro" is now "C:/Xilinx/Vivado/2024.2/data/precomp_hsv/vhdl/unimacro" (VHDL-1505)
INFO: VHDL library search path for library "unisim" is now "C:/Xilinx/Vivado/2024.2/data/precomp_hsv/vhdl/unisim" (VHDL-1505)
INFO: VHDL library search path for library "vl" is now "C:/Xilinx/Vivado/2024.2/data/precomp_hsv/vhdl/vl" (VHDL-1505)
INFO: VHDL library search path for library "xpm" is now "C:/Xilinx/Vivado/2024.2/data/precomp_hsv/vhdl/xpm" (VHDL-1505)
-- Analyzing VHDL file "C:/Users/almud/Downloads/Proyecto_Version1/Pulso_Temp/Pulso_Temp.srcs/sources_1/new/Binary_To_BCD_16b.vhd" into library xil_defaultlib (VHDL-9003)
INFO: analyzing entity 'Binary_To_BCD_16b' (VHDL-1012)
INFO: analyzing architecture 'Behavioral' of entity 'binary_to_bcd_16b' (VHDL-9006)
-- Analyzing VHDL file "C:/Users/almud/Downloads/Proyecto_Version1/Pulso_Temp/Pulso_Temp.srcs/sources_1/new/CRC.vhd" into library xil_defaultlib (VHDL-9003)
INFO: analyzing entity 'CRC' (VHDL-1012)
INFO: analyzing architecture 'Behavioral' of entity 'crc' (VHDL-9006)
-- Analyzing VHDL file "C:/Users/almud/Downloads/Proyecto_Version1/Pulso_Temp/Pulso_Temp.srcs/sources_1/new/ClockDivider.vhd" into library xil_defaultlib (VHDL-9003)
INFO: analyzing entity 'ClockDivider' (VHDL-1012)
INFO: analyzing architecture 'Behavioral' of entity 'clockdivider' (VHDL-9006)
-- Analyzing VHDL file "C:/Users/almud/Downloads/Proyecto_Version1/Pulso_Temp/Pulso_Temp.srcs/sources_1/new/Display_7Seg_BPM.vhd" into library xil_defaultlib (VHDL-9003)
INFO: analyzing entity 'Display_7Seg_BPM' (VHDL-1012)
INFO: analyzing architecture 'Behavioral' of entity 'display_7seg_bpm' (VHDL-9006)
-- Analyzing VHDL file "C:/Users/almud/Downloads/Proyecto_Version1/Pulso_Temp/Pulso_Temp.srcs/sources_1/new/MCP300x.vhd" into library xil_defaultlib (VHDL-9003)
INFO: analyzing entity 'MCP300x' (VHDL-1012)
INFO: analyzing architecture 'RTL' of entity 'mcp300x' (VHDL-9006)
-- Analyzing VHDL file "C:/Users/almud/Downloads/Proyecto_Version1/Pulso_Temp/Pulso_Temp.srcs/sources_1/new/PulseProcessor.vhd" into library xil_defaultlib (VHDL-9003)
INFO: analyzing entity 'PulseProcessor' (VHDL-1012)
INFO: analyzing architecture 'Behavioral' of entity 'pulseprocessor' (VHDL-9006)
-- Analyzing VHDL file "C:/Users/almud/Downloads/Proyecto_Version1/Pulso_Temp/Pulso_Temp.srcs/sources_1/new/SampleTimer.vhd" into library xil_defaultlib (VHDL-9003)
INFO: analyzing entity 'SampleTimer' (VHDL-1012)
INFO: analyzing architecture 'Behavioral' of entity 'sampletimer' (VHDL-9006)
-- Analyzing VHDL file "C:/Users/almud/Downloads/Proyecto_Version1/Pulso_Temp/Pulso_Temp.srcs/sources_1/new/X7seg.vhd" into library xil_defaultlib (VHDL-9003)
INFO: analyzing entity 'X7seg' (VHDL-1012)
INFO: analyzing architecture 'Behavioral' of entity 'x7seg' (VHDL-9006)
-- Analyzing VHDL file "C:/Users/almud/Downloads/Proyecto_Version1/Pulso_Temp/Pulso_Temp.srcs/sources_1/new/divider1MHz.vhd" into library xil_defaultlib (VHDL-9003)
INFO: analyzing entity 'divider1MHz' (VHDL-1012)
INFO: analyzing architecture 'Behavioral' of entity 'divider1mhz' (VHDL-9006)
-- Analyzing VHDL file "C:/Users/almud/AppData/Local/Temp/VivadoEditorAssist11195555153672852984.tmp" into library xil_defaultlib (VHDL-9003)
INFO: analyzing entity 'divider50MHz' (VHDL-1012)
INFO: analyzing architecture 'Behavioral' of entity 'divider50mhz' (VHDL-9006)
-- Analyzing VHDL file "C:/Users/almud/Downloads/Proyecto_Version1/Pulso_Temp/Pulso_Temp.srcs/sources_1/new/ds18b20.vhd" into library xil_defaultlib (VHDL-9003)
INFO: analyzing entity 'DS18B20' (VHDL-1012)
INFO: analyzing architecture 'Behavioral' of entity 'ds18b20' (VHDL-9006)
-- Analyzing VHDL file "C:/Users/almud/AppData/Local/Temp/VivadoEditorAssist5075814741353810480.tmp" into library xil_defaultlib (VHDL-9003)
INFO: analyzing entity 'TopModule' (VHDL-1012)
INFO: analyzing architecture 'Behavioral' of entity 'topmodule' (VHDL-9006)
srcscan exits with return value 0
