Vivado Simulator v2024.2.0
Copyright 1986-2022 Xilinx, Inc. All Rights Reserved.
Copyright 2022-2024 Advanced Micro Devices, Inc. All Rights Reserved.
Running: C:/Xilinx/Vivado/2024.2/bin/unwrapped/win64.o/xelab.exe --incr --debug typical --relax --mt 2 -L xil_defaultlib -L secureip --snapshot TopModule_behav xil_defaultlib.TopModule -log elaborate.log 
Using 2 slave threads.
Starting static elaboration
Completed static elaboration
Starting simulation data flow analysis
Completed simulation data flow analysis
Time Resolution for simulation is 1ps
Compiling package std.standard
Compiling package std.textio
Compiling package ieee.std_logic_1164
Compiling package ieee.numeric_std
Compiling package ieee.std_logic_arith
Compiling package ieee.std_logic_unsigned
Compiling architecture behavioral of entity xil_defaultlib.SampleTimer [sampletimer_default]
Compiling architecture rtl of entity xil_defaultlib.MCP300x [mcp300x_default]
Compiling architecture behavioral of entity xil_defaultlib.ClockDivider [clockdivider_default]
Compiling architecture behavioral of entity xil_defaultlib.PulseProcessor [pulseprocessor_default]
Compiling architecture behavioral of entity xil_defaultlib.Display_7Seg_BPM [display_7seg_bpm_default]
Compiling architecture behavioral of entity xil_defaultlib.divider50MHz [divider50mhz_default]
Compiling architecture behavioral of entity xil_defaultlib.DS18B20 [ds18b20_default]
Compiling architecture behavioral of entity xil_defaultlib.divider1MHz [divider1mhz_default]
Compiling architecture behavioral of entity xil_defaultlib.CRC [crc_default]
Compiling architecture behavioral of entity xil_defaultlib.Binary_To_BCD_16b [binary_to_bcd_16b_default]
Compiling architecture behavioral of entity xil_defaultlib.X7seg [x7seg_default]
Compiling architecture behavioral of entity xil_defaultlib.topmodule
Built simulation snapshot TopModule_behav
