INFO: [VRFC 10-163] Analyzing VHDL file "C:/Users/almud/Downloads/Proyecto_WatchOut_V2/Pulso_Temp/Pulso_Temp.srcs/sources_1/new/Binary_To_BCD_16b.vhd" into library xil_defaultlib
INFO: [VRFC 10-3107] analyzing entity 'Binary_To_BCD_16b'
INFO: [VRFC 10-163] Analyzing VHDL file "C:/Users/almud/Downloads/Proyecto_WatchOut_V2/Pulso_Temp/Pulso_Temp.srcs/sources_1/new/CRC.vhd" into library xil_defaultlib
INFO: [VRFC 10-3107] analyzing entity 'CRC'
INFO: [VRFC 10-163] Analyzing VHDL file "C:/Users/almud/Downloads/Proyecto_WatchOut_V2/Pulso_Temp/Pulso_Temp.srcs/sources_1/new/ClockDivider.vhd" into library xil_defaultlib
INFO: [VRFC 10-3107] analyzing entity 'ClockDivider'
INFO: [VRFC 10-163] Analyzing VHDL file "C:/Users/almud/Downloads/Proyecto_WatchOut_V2/Pulso_Temp/Pulso_Temp.srcs/sources_1/new/Display_7Seg_BPM.vhd" into library xil_defaultlib
INFO: [VRFC 10-3107] analyzing entity 'Display_7Seg_BPM'
INFO: [VRFC 10-163] Analyzing VHDL file "C:/Users/almud/Downloads/Proyecto_WatchOut_V2/Pulso_Temp/Pulso_Temp.srcs/sources_1/new/MCP300x.vhd" into library xil_defaultlib
INFO: [VRFC 10-3107] analyzing entity 'MCP300x'
INFO: [VRFC 10-163] Analyzing VHDL file "C:/Users/almud/Downloads/Proyecto_WatchOut_V2/Pulso_Temp/Pulso_Temp.srcs/sources_1/new/PulseProcessor.vhd" into library xil_defaultlib
INFO: [VRFC 10-3107] analyzing entity 'PulseProcessor'
INFO: [VRFC 10-163] Analyzing VHDL file "C:/Users/almud/Downloads/Proyecto_WatchOut_V2/Pulso_Temp/Pulso_Temp.srcs/sources_1/new/SampleTimer.vhd" into library xil_defaultlib
INFO: [VRFC 10-3107] analyzing entity 'SampleTimer'
INFO: [VRFC 10-163] Analyzing VHDL file "C:/Users/almud/Downloads/Proyecto_WatchOut_V2/Pulso_Temp/Pulso_Temp.srcs/sources_1/new/X7seg.vhd" into library xil_defaultlib
INFO: [VRFC 10-3107] analyzing entity 'X7seg'
INFO: [VRFC 10-163] Analyzing VHDL file "C:/Users/almud/Downloads/Proyecto_WatchOut_V2/Pulso_Temp/Pulso_Temp.srcs/sources_1/new/divider1MHz.vhd" into library xil_defaultlib
INFO: [VRFC 10-3107] analyzing entity 'divider1MHz'
INFO: [VRFC 10-163] Analyzing VHDL file "C:/Users/almud/Downloads/Proyecto_WatchOut_V2/Pulso_Temp/Pulso_Temp.srcs/sources_1/new/divider50MHz.vhd" into library xil_defaultlib
INFO: [VRFC 10-3107] analyzing entity 'divider50MHz'
INFO: [VRFC 10-163] Analyzing VHDL file "C:/Users/almud/Downloads/Proyecto_WatchOut_V2/Pulso_Temp/Pulso_Temp.srcs/sources_1/new/ds18b20.vhd" into library xil_defaultlib
INFO: [VRFC 10-3107] analyzing entity 'DS18B20'
INFO: [VRFC 10-163] Analyzing VHDL file "C:/Users/almud/Downloads/Proyecto_WatchOut_V2/Pulso_Temp/Pulso_Temp.srcs/sources_1/new/TopModule.vhd" into library xil_defaultlib
INFO: [VRFC 10-3107] analyzing entity 'TopModule'
